rows n = 46, settings CampaignSettings(n_warmup=500, n_samples=500, n_chains=4, q=1, n0_per_control=8, n_replicate_sites=3, n_replicates=2, n_candidates_u=64, extra_levels=2, h_kernels=('twy2', 'lb'), varying_order=False, monotone=None, max_draws_acquisition=64, seed=1003)

== cold ask(): total 211.3 s ==
path                                                                   calls   incl s   excl s  excl %
_analyse_once>_fit_all>fit                                                 2    136.4    136.4   64.6%
_select>select_batch                                                       1     26.0     26.0   12.3%
_analyse_once>_gates>_g7>g7_prior                                          1      7.4      7.4    3.5%
_analyse_once>_gates>_g7                                                   1     14.2      6.8    3.2%
_cost_posterior>fit_cost                                                   1      6.7      6.7    3.2%
_candidates>_price>predict_log2                                            1      6.4      6.4    3.0%
forecast                                                                   1      5.6      5.6    2.6%
_analyse_once>sigma_epi_physical                                           1      4.0      4.0    1.9%
_analyse_once>_gates>g2_block_loo                                          1      2.6      2.6    1.2%
_analyse_once>_moments                                                     1      2.5      2.5    1.2%
_analyse_once                                                              1    164.6      1.6    0.8%
_candidates>_price                                                         1      8.3      1.1    0.5%
_analyse_once>_fit_all                                                     1    137.4      1.0    0.5%
_analyse_once>_gates                                                       1     18.5      0.9    0.4%
_candidates>_price>cost_cap                                                1      0.8      0.8    0.4%
_analyse_once>_gates>g6_shape                                              1      0.7      0.7    0.3%
_analyse_once>_pool                                                        1      0.7      0.7    0.3%
(untimed remainder)                                                                        0.0    0.0%

== cold report() after ask: total 7.4 s ==
path                                                                   calls   incl s   excl s  excl %
_build_report>_sigma_fid                                                   3      5.0      5.0   67.9%
_build_report                                                              1      7.4      2.3   30.7%
_build_report>_pool                                                        1      0.1      0.1    1.4%
(untimed remainder)                                                                        0.0    0.0%

== warm ask(): total 78.5 s ==
path                                                                   calls   incl s   excl s  excl %
_analyse_once>_fit_all>fit                                                 2     43.4     43.4   55.3%
_select>select_batch                                                       1     16.4     16.4   20.8%
_cost_posterior>fit_cost                                                   1      5.8      5.8    7.4%
_analyse_once>_gates>_g7                                                   1      8.2      5.5    7.0%
_analyse_once>_gates>_g7>g7_prior                                          1      2.7      2.7    3.5%
forecast                                                                   1      1.2      1.2    1.5%
_analyse_once>_gates>g2_block_loo                                          1      0.8      0.8    1.0%
_analyse_once>_gates>g6_shape                                              1      0.7      0.7    0.9%
_analyse_once>sigma_epi_physical                                           1      0.5      0.5    0.7%
_candidates>_price>predict_log2                                            1      0.5      0.5    0.6%
_analyse_once>_moments                                                     1      0.4      0.4    0.5%
_candidates>_price>cost_cap                                                1      0.3      0.3    0.4%
(untimed remainder)                                                                        0.0    0.0%

== warm report() after ask: total 2.9 s ==
path                                                                   calls   incl s   excl s  excl %
_build_report>_sigma_fid                                                   3      2.5      2.5   86.4%
_build_report                                                              1      2.9      0.3   10.5%
_build_report>_pool                                                        1      0.1      0.1    3.1%
(untimed remainder)                                                                        0.0    0.0%
